Desinscripci칩n exitosa.
Desinscripci칩n exitosa.
Desinscripci칩n inv치lida.
