1001 - Algoritmos I, Curso 1, craig, 20 vacantes.
1003 - Algoritmos III, Curso 1, mallory, 20 vacantes.
1003 - Algoritmos III, Curso 2,  eve, 20 vacantes.
1009 - Algoritmos IV: la batalla final, Curso 1, trudy, 10 vacantes.
Inscripción exitosa.
Inscripción exitosa.
La materia 1032 no es valida.
Inscripción exitosa.
1001 - Algoritmos I, Curso 1, craig, 19 vacantes.
1003 - Algoritmos III, Curso 1, mallory, 20 vacantes.
1003 - Algoritmos III, Curso 2,  eve, 19 vacantes.
1009 - Algoritmos IV: la batalla final, Curso 1, trudy, 9 vacantes.
