Desinscripci√≥n exitosa.
No tiene permisos para operar sobre 6301, curso 7.
