El curso 1 de la materia 7540 no posee mas vacantes.
El curso 1 de la materia 6301 no posee mas vacantes.
Inscripci√≥n exitosa.
